****************************************
Report : Averaged Power
Design : c5315
Version: J-2014.12
Date   : Thu Jun 29 14:24:56 2017
****************************************



  Attributes
  ----------
      i  -  Including register clock pin internal power
      u  -  User defined power group

                        Internal  Switching  Leakage    Total
Power Group             Power     Power      Power      Power   (     %)  Attrs
--------------------------------------------------------------------------------
clock_network              0.0000    0.0000    0.0000    0.0000 ( 0.00%)  i
register                   0.0000    0.0000    0.0000    0.0000 ( 0.00%)  
combinational           3.048e-04 9.151e-04 1.801e-06 1.222e-03 (100.00%) 
sequential                 0.0000    0.0000    0.0000    0.0000 ( 0.00%)  
memory                     0.0000    0.0000    0.0000    0.0000 ( 0.00%)  
io_pad                     0.0000    0.0000    0.0000    0.0000 ( 0.00%)  
black_box                  0.0000    0.0000    0.0000    0.0000 ( 0.00%)  

  Net Switching Power  = 9.151e-04   (74.90%)
  Cell Internal Power  = 3.048e-04   (24.95%)
  Cell Leakage Power   = 1.801e-06   ( 0.15%)
                         ---------
Total Power            = 1.222e-03  (100.00%)

1
